File test/h2g2 (77960 Bytes)

ELF Header (valid)
  Magic:   7f 45 4c 46 02 01 01 00 00 00 00 00 00 00 00 00
  File class:                        ELFCLASS64
  Data encoding:                     ELFDATA2LSB
  File Version:                      ELFVERSION_CURRENT
  OS/ABI:                            ELFOSABI_NONE
  ABI Version:                       0
  Type:                              ET_DYN
  Machine:                           EM_X86_64
  Version:                           EV_CURRENT
  Entry point address:               0x10d0
  Start of program headers:          64 (bytes into file)
  Start of section headers:          75528 (bytes into file)
  Flags:                             0
  Size of this header:               64 (bytes)
  Size of program headers:           56 (bytes)
  Number of program headers:         12
  Size of section headers:           64 (bytes)
  Number of section headers:         38
  Section header string table index: 37
  Size:                              77960 (bytes)

Program Headers:
  Nr Type              Offset   VirtAddr           PhysAddr           FileSiz  MemSiz   Flg Align
   0 PT_PHDR           0x000040 0x0000000000000040 0x0000000000000040 0x0002a0 0x0002a0 R   0x8
   1 PT_INTERP         0x0002e0 0x00000000000002e0 0x00000000000002e0 0x00001c 0x00001c R   0x1
         [Requesting program interpreter: /lib64/ld-linux-x86-64.so.2]
   2 PT_LOAD           0x000000 0x0000000000000000 0x0000000000000000 0x000a30 0x000a30 R   0x1000
   3 PT_LOAD           0x001000 0x0000000000001000 0x0000000000001000 0x00033d 0x00033d R E 0x1000
   4 PT_LOAD           0x002000 0x0000000000002000 0x0000000000002000 0x000242 0x000242 R   0x1000
   5 PT_LOAD           0x002da4 0x0000000000003da4 0x0000000000003da4 0x0002d4 0x0003f4 RW  0x1000
   6 PT_DYNAMIC        0x002dc0 0x0000000000003dc0 0x0000000000003dc0 0x000210 0x000210 RW  0x8
   7 PT_NOTE           0x0002fc 0x00000000000002fc 0x00000000000002fc 0x000044 0x000044 R   0x4
   8 PT_TLS            0x002da4 0x0000000000003da4 0x0000000000003da4 0x000004 0x000004 R   0x4
   9 PT_GNU_EH_FRAME   0x002060 0x0000000000002060 0x0000000000002060 0x000054 0x000054 R   0x4
  10 PT_GNU_STACK      0x000000 0x0000000000000000 0x0000000000000000 0x000000 0x000000 RW  0x10
  11 PT_GNU_RELRO      0x002da4 0x0000000000003da4 0x0000000000003da4 0x00025c 0x00025c R   0x1

Dynamic section contains 29 entries:
  Tag                Type                 Name/Value
  0x0000000000000001 DT_NEEDED            Shared library: [libstdc++.so.6]
  0x0000000000000001 DT_NEEDED            Shared library: [libm.so.6]
  0x0000000000000001 DT_NEEDED            Shared library: [libgcc_s.so.1]
  0x0000000000000001 DT_NEEDED            Shared library: [libc.so.6]
  0x000000000000000c DT_INIT              0x1000
  0x000000000000000d DT_FINI              0x1334
  0x0000000000000019 DT_INIT_ARRAY        0x3da8
  0x000000000000001b DT_INIT_ARRAYSZ      16 (bytes)
  0x000000000000001a DT_FINI_ARRAY        0x3db8
  0x000000000000001c DT_FINI_ARRAYSZ      8 (bytes)
  0x000000006ffffef5 DT_GNU_HASH          0x340
  0x0000000000000005 DT_STRTAB            0x518
  0x0000000000000006 DT_SYMTAB            0x368
  0x000000000000000a DT_STRSZ             615 (bytes)
  0x000000000000000b DT_SYMENT            24 (bytes)
  0x0000000000000015 DT_DEBUG             0x0
  0x0000000000000003 DT_PLTGOT            0x4000
  0x0000000000000002 DT_PLTRELSZ          216 (bytes)
  0x0000000000000014 DT_PLTREL            DT_RELA
  0x0000000000000017 DT_JMPREL            0x958
  0x0000000000000007 DT_RELA              0x838
  0x0000000000000008 DT_RELASZ            288 (bytes)
  0x0000000000000009 DT_RELAENT           24 (bytes)
  0x000000006ffffffb DT_FLAGS_1           0x08000000 DF_1_PIE
  0x000000006ffffffe DT_VERNEED           0x7a8
  0x000000006fffffff DT_VERNEEDNUM        3
  0x000000006ffffff0 DT_VERSYM            0x780
  0x000000006ffffff9 DT_RELACOUNT         4
  0x0000000000000000 DT_NULL              0x0

Dynamic Symbol table contains 18 entries:
   Num Value              Size  Type           Bind         Vis          Ndx Name
     0 0x0000000000000000     0 STT_NOTYPE     STB_LOCAL    STV_DEFAULT  UND 
     1 0x0000000000000000     0 STT_FUNC       STB_GLOBAL   STV_DEFAULT  UND _ZSt4endlIcSt11char_traitsIcEERSt13basic_ostreamIT_T0_ES6_
     2 0x0000000000000000     0 STT_FUNC       STB_GLOBAL   STV_DEFAULT  UND __cxa_atexit
     3 0x0000000000000000     0 STT_FUNC       STB_GLOBAL   STV_DEFAULT  UND _ZdlPv
     4 0x0000000000000000     0 STT_FUNC       STB_GLOBAL   STV_DEFAULT  UND _ZSt16__ostream_insertIcSt11char_traitsIcEERSt13basic_ostreamIT_T0_ES6_PKS3_l
     5 0x0000000000000000     0 STT_FUNC       STB_GLOBAL   STV_DEFAULT  UND _ZNSt7__cxx1112basic_stringIcSt11char_traitsIcESaIcEEC1EPKcRKS3_
     6 0x0000000000000000     0 STT_FUNC       STB_GLOBAL   STV_DEFAULT  UND _ZNSt8ios_base4InitC1Ev
     7 0x0000000000000000     0 STT_FUNC       STB_GLOBAL   STV_DEFAULT  UND __gxx_personality_v0
     8 0x0000000000000000     0 STT_FUNC       STB_GLOBAL   STV_DEFAULT  UND _ZNSolsEi
     9 0x0000000000000000     0 STT_NOTYPE     STB_WEAK     STV_DEFAULT  UND _ITM_deregisterTMCloneTable
    10 0x0000000000000000     0 STT_FUNC       STB_GLOBAL   STV_DEFAULT  UND _Unwind_Resume
    11 0x0000000000000000     0 STT_FUNC       STB_GLOBAL   STV_DEFAULT  UND __libc_start_main
    12 0x0000000000000000     0 STT_NOTYPE     STB_WEAK     STV_DEFAULT  UND __gmon_start__
    13 0x0000000000000000     0 STT_NOTYPE     STB_WEAK     STV_DEFAULT  UND _ITM_registerTMCloneTable
    14 0x0000000000000000     0 STT_FUNC       STB_GLOBAL   STV_DEFAULT  UND _ZNSt7__cxx1112basic_stringIcSt11char_traitsIcESaIcEE6appendEPKc
    15 0x0000000000000000     0 STT_FUNC       STB_GLOBAL   STV_DEFAULT  UND _ZNSt8ios_base4InitD1Ev
    16 0x0000000000000000     0 STT_FUNC       STB_WEAK     STV_DEFAULT  UND __cxa_finalize
    17 0x0000000000004080   272 STT_OBJECT     STB_GLOBAL   STV_DEFAULT   27 _ZSt4cout

Dynamic relocation table (excluding PLT) contains 12 entries:
  Offset             Info               Type                Symbol's Value     Target (Symbol's Name + Addend)
  0x0000000000003da8 0x0000000000000008 R_X86_64_RELATIVE                      4528
  0x0000000000003db0 0x0000000000000008 R_X86_64_RELATIVE                      4781
  0x0000000000003db8 0x0000000000000008 R_X86_64_RELATIVE                      4464
  0x0000000000004068 0x0000000000000008 R_X86_64_RELATIVE                      16488
  0x0000000000003fd0 0x0000001000000006 R_X86_64_GLOB_DAT   0x0000000000000000 __cxa_finalize + 0
  0x0000000000003fd8 0x0000000900000006 R_X86_64_GLOB_DAT   0x0000000000000000 _ITM_deregisterTMCloneTable + 0
  0x0000000000003fe0 0x0000000b00000006 R_X86_64_GLOB_DAT   0x0000000000000000 __libc_start_main + 0
  0x0000000000003fe8 0x0000000c00000006 R_X86_64_GLOB_DAT   0x0000000000000000 __gmon_start__ + 0
  0x0000000000003ff0 0x0000000d00000006 R_X86_64_GLOB_DAT   0x0000000000000000 _ITM_registerTMCloneTable + 0
  0x0000000000003ff8 0x0000000f00000006 R_X86_64_GLOB_DAT   0x0000000000000000 _ZNSt8ios_base4InitD1Ev + 0
  0x0000000000004070 0x0000000700000001 R_X86_64_64         0x0000000000000000 __gxx_personality_v0 + 0
  0x0000000000004080 0x0000001100000005 R_X86_64_COPY       0x0000000000004080 _ZSt4cout + 0

PLT relocation table contains 9 entries:
  Offset             Info               Type                Symbol's Value     Target (Symbol's Name + Addend)
  0x0000000000004018 0x0000000100000007 R_X86_64_JUMP_SLOT  0x0000000000000000 _ZSt4endlIcSt11char_traitsIcEERSt13basic_ostreamIT_T0_ES6_ + 0
  0x0000000000004020 0x0000000200000007 R_X86_64_JUMP_SLOT  0x0000000000000000 __cxa_atexit + 0
  0x0000000000004028 0x0000000300000007 R_X86_64_JUMP_SLOT  0x0000000000000000 _ZdlPv + 0
  0x0000000000004030 0x0000000400000007 R_X86_64_JUMP_SLOT  0x0000000000000000 _ZSt16__ostream_insertIcSt11char_traitsIcEERSt13basic_ostreamIT_T0_ES6_PKS3_l + 0
  0x0000000000004038 0x0000000500000007 R_X86_64_JUMP_SLOT  0x0000000000000000 _ZNSt7__cxx1112basic_stringIcSt11char_traitsIcESaIcEEC1EPKcRKS3_ + 0
  0x0000000000004040 0x0000000600000007 R_X86_64_JUMP_SLOT  0x0000000000000000 _ZNSt8ios_base4InitC1Ev + 0
  0x0000000000004048 0x0000000800000007 R_X86_64_JUMP_SLOT  0x0000000000000000 _ZNSolsEi + 0
  0x0000000000004050 0x0000000a00000007 R_X86_64_JUMP_SLOT  0x0000000000000000 _Unwind_Resume + 0
  0x0000000000004058 0x0000000e00000007 R_X86_64_JUMP_SLOT  0x0000000000000000 _ZNSt7__cxx1112basic_stringIcSt11char_traitsIcESaIcEE6appendEPKc + 0

Global offset table contains 12 entries:
  GOT[0] = 0x3dc0
  GOT[1] = 0
  GOT[2] = 0
  GOT[3] = 0x1036
  GOT[4] = 0x1046
  GOT[5] = 0x1056
  GOT[6] = 0x1066
  GOT[7] = 0x1076
  GOT[8] = 0x1086
  GOT[9] = 0x1096
  GOT[10] = 0x10a6
  GOT[11] = 0x10b6

(De-)Initialize -- 5 functions:
  - INIT 0x1000
  - INIT_ARRAY 0x11b0
  - INIT_ARRAY 0x12ad
  - FINI_ARRAY 0x1170
  - FINI 0x1334

Version dependency contains 3 entries:
  0x0000 Version: VER_NEED_CURRENT  File: libgcc_s.so.1  Auxiliary count: 1
  0x0010   Name: GCC_3.0 (0x0b792650)  Flags: none (0x0000)  Index: 7
  0x0020 Version: VER_NEED_CURRENT  File: libstdc++.so.6  Auxiliary count: 4
  0x0030   Name: CXXABI_1.3 (0x056bafd3)  Flags: none (0x0000)  Index: 6
  0x0040   Name: GLIBCXX_3.4.21 (0x0297f871)  Flags: none (0x0000)  Index: 5
  0x0050   Name: GLIBCXX_3.4.9 (0x02297f89)  Flags: none (0x0000)  Index: 4
  0x0060   Name: GLIBCXX_3.4 (0x08922974)  Flags: none (0x0000)  Index: 3
  0x0070 Version: VER_NEED_CURRENT  File: libc.so.6  Auxiliary count: 1
  0x0080   Name: GLIBC_2.2.5 (0x09691a75)  Flags: none (0x0000)  Index: 2

Binary has 4 library dependencies:
  - libstdc++.so.6
  - libm.so.6
  - libgcc_s.so.1
  - libc.so.6

